Archive member included to satisfy reference by file (symbol)

/Users/asakasinsky/Embed Tools/gcc-arm-none-eabi-5_2-2015q4/bin/../lib/gcc/arm-none-eabi/5.2.1/armv7-m/libgcc.a(unwind-arm.o)
                              ./system/src/newlib/_cxx.o (__aeabi_unwind_cpp_pr1)
/Users/asakasinsky/Embed Tools/gcc-arm-none-eabi-5_2-2015q4/bin/../lib/gcc/arm-none-eabi/5.2.1/armv7-m/libgcc.a(libunwind.o)
                              /Users/asakasinsky/Embed Tools/gcc-arm-none-eabi-5_2-2015q4/bin/../lib/gcc/arm-none-eabi/5.2.1/armv7-m/libgcc.a(unwind-arm.o) (restore_core_regs)
/Users/asakasinsky/Embed Tools/gcc-arm-none-eabi-5_2-2015q4/bin/../lib/gcc/arm-none-eabi/5.2.1/armv7-m/libgcc.a(pr-support.o)
                              /Users/asakasinsky/Embed Tools/gcc-arm-none-eabi-5_2-2015q4/bin/../lib/gcc/arm-none-eabi/5.2.1/armv7-m/libgcc.a(unwind-arm.o) (__gnu_unwind_execute)
/Users/asakasinsky/Embed Tools/gcc-arm-none-eabi-5_2-2015q4/bin/../lib/gcc/arm-none-eabi/5.2.1/../../../../arm-none-eabi/lib/armv7-m/libg_nano.a(lib_a-atoi.o)
                              ./src/main.o (atoi)
/Users/asakasinsky/Embed Tools/gcc-arm-none-eabi-5_2-2015q4/bin/../lib/gcc/arm-none-eabi/5.2.1/../../../../arm-none-eabi/lib/armv7-m/libg_nano.a(lib_a-ctype_.o)
                              ./system/src/newlib/_syscalls.o (__ctype_ptr__)
/Users/asakasinsky/Embed Tools/gcc-arm-none-eabi-5_2-2015q4/bin/../lib/gcc/arm-none-eabi/5.2.1/../../../../arm-none-eabi/lib/armv7-m/libg_nano.a(lib_a-errno.o)
                              ./system/src/newlib/_sbrk.o (__errno)
/Users/asakasinsky/Embed Tools/gcc-arm-none-eabi-5_2-2015q4/bin/../lib/gcc/arm-none-eabi/5.2.1/../../../../arm-none-eabi/lib/armv7-m/libg_nano.a(lib_a-findfp.o)
                              ./system/src/newlib/_syscalls.o (__sinit)
/Users/asakasinsky/Embed Tools/gcc-arm-none-eabi-5_2-2015q4/bin/../lib/gcc/arm-none-eabi/5.2.1/../../../../arm-none-eabi/lib/armv7-m/libg_nano.a(lib_a-fwalk.o)
                              /Users/asakasinsky/Embed Tools/gcc-arm-none-eabi-5_2-2015q4/bin/../lib/gcc/arm-none-eabi/5.2.1/../../../../arm-none-eabi/lib/armv7-m/libg_nano.a(lib_a-findfp.o) (_fwalk)
/Users/asakasinsky/Embed Tools/gcc-arm-none-eabi-5_2-2015q4/bin/../lib/gcc/arm-none-eabi/5.2.1/../../../../arm-none-eabi/lib/armv7-m/libg_nano.a(lib_a-fwrite.o)
                              ./src/main.o (fwrite)
/Users/asakasinsky/Embed Tools/gcc-arm-none-eabi-5_2-2015q4/bin/../lib/gcc/arm-none-eabi/5.2.1/../../../../arm-none-eabi/lib/armv7-m/libg_nano.a(lib_a-impure.o)
                              /Users/asakasinsky/Embed Tools/gcc-arm-none-eabi-5_2-2015q4/bin/../lib/gcc/arm-none-eabi/5.2.1/../../../../arm-none-eabi/lib/armv7-m/libg_nano.a(lib_a-findfp.o) (_global_impure_ptr)
/Users/asakasinsky/Embed Tools/gcc-arm-none-eabi-5_2-2015q4/bin/../lib/gcc/arm-none-eabi/5.2.1/../../../../arm-none-eabi/lib/armv7-m/libg_nano.a(lib_a-memcpy-stub.o)
                              /Users/asakasinsky/Embed Tools/gcc-arm-none-eabi-5_2-2015q4/bin/../lib/gcc/arm-none-eabi/5.2.1/armv7-m/libgcc.a(unwind-arm.o) (memcpy)
/Users/asakasinsky/Embed Tools/gcc-arm-none-eabi-5_2-2015q4/bin/../lib/gcc/arm-none-eabi/5.2.1/../../../../arm-none-eabi/lib/armv7-m/libg_nano.a(lib_a-memset.o)
                              ./system/src/newlib/_syscalls.o (memset)
/Users/asakasinsky/Embed Tools/gcc-arm-none-eabi-5_2-2015q4/bin/../lib/gcc/arm-none-eabi/5.2.1/../../../../arm-none-eabi/lib/armv7-m/libg_nano.a(lib_a-nano-mallocr.o)
                              /Users/asakasinsky/Embed Tools/gcc-arm-none-eabi-5_2-2015q4/bin/../lib/gcc/arm-none-eabi/5.2.1/../../../../arm-none-eabi/lib/armv7-m/libg_nano.a(lib_a-findfp.o) (_malloc_r)
/Users/asakasinsky/Embed Tools/gcc-arm-none-eabi-5_2-2015q4/bin/../lib/gcc/arm-none-eabi/5.2.1/../../../../arm-none-eabi/lib/armv7-m/libg_nano.a(lib_a-puts.o)
                              ./src/main.o (puts)
/Users/asakasinsky/Embed Tools/gcc-arm-none-eabi-5_2-2015q4/bin/../lib/gcc/arm-none-eabi/5.2.1/../../../../arm-none-eabi/lib/armv7-m/libg_nano.a(lib_a-sbrkr.o)
                              /Users/asakasinsky/Embed Tools/gcc-arm-none-eabi-5_2-2015q4/bin/../lib/gcc/arm-none-eabi/5.2.1/../../../../arm-none-eabi/lib/armv7-m/libg_nano.a(lib_a-nano-mallocr.o) (_sbrk_r)
/Users/asakasinsky/Embed Tools/gcc-arm-none-eabi-5_2-2015q4/bin/../lib/gcc/arm-none-eabi/5.2.1/../../../../arm-none-eabi/lib/armv7-m/libg_nano.a(lib_a-stdio.o)
                              /Users/asakasinsky/Embed Tools/gcc-arm-none-eabi-5_2-2015q4/bin/../lib/gcc/arm-none-eabi/5.2.1/../../../../arm-none-eabi/lib/armv7-m/libg_nano.a(lib_a-findfp.o) (__sread)
/Users/asakasinsky/Embed Tools/gcc-arm-none-eabi-5_2-2015q4/bin/../lib/gcc/arm-none-eabi/5.2.1/../../../../arm-none-eabi/lib/armv7-m/libg_nano.a(lib_a-strcmp.o)
                              ./system/src/cortexm/exception_handlers.o (strcmp)
[...]
Memory Configuration

Name             Origin             Length             Attributes
FLASH            0x0000000008000000 0x0000000000010000 xr
RAM              0x0000000020000000 0x0000000000005000 xrw
CCMRAM           0x0000000010000000 0x0000000000000000 xrw
FLASHB1          0x0000000000000000 0x0000000000000000 xr
EXTMEMB0         0x0000000000000000 0x0000000000000000 xr
EXTMEMB1         0x0000000000000000 0x0000000000000000 xr
EXTMEMB2         0x0000000000000000 0x0000000000000000 xr
EXTMEMB3         0x0000000000000000 0x0000000000000000 xr
*default*        0x0000000000000000 0xffffffffffffffff

Linker script and memory map

LOAD ./system/src/newlib/_cxx.o
LOAD ./system/src/newlib/_exit.o
LOAD ./system/src/newlib/_sbrk.o
LOAD ./system/src/newlib/_startup.o
LOAD ./system/src/newlib/_syscalls.o
LOAD ./system/src/newlib/assert.o
LOAD ./system/src/diag/Trace.o
LOAD ./system/src/diag/trace_impl.o
LOAD ./system/src/cortexm/_initialize_hardware.o
LOAD ./system/src/cortexm/_reset_hardware.o
LOAD ./system/src/cortexm/exception_handlers.o
LOAD ./system/src/cmsis/system_stm32f1xx.o
LOAD ./system/src/cmsis/vectors_stm32f1xx.o
LOAD ./src/Timer.o
LOAD ./src/_write.o
LOAD ./src/main.o
LOAD /Users/asakasinsky/Embed Tools/gcc-arm-none-eabi-5_2-2015q4/bin/../lib/gcc/arm-none-eabi/5.2.1/../../../../arm-none-eabi/lib/armv7-m/libstdc++_nano.a
LOAD /Users/asakasinsky/Embed Tools/gcc-arm-none-eabi-5_2-2015q4/bin/../lib/gcc/arm-none-eabi/5.2.1/../../../../arm-none-eabi/lib/armv7-m/libm.a
START GROUP
LOAD /Users/asakasinsky/Embed Tools/gcc-arm-none-eabi-5_2-2015q4/bin/../lib/gcc/arm-none-eabi/5.2.1/armv7-m/libgcc.a
LOAD /Users/asakasinsky/Embed Tools/gcc-arm-none-eabi-5_2-2015q4/bin/../lib/gcc/arm-none-eabi/5.2.1/../../../../arm-none-eabi/lib/armv7-m/libg_nano.a
LOAD /Users/asakasinsky/Embed Tools/gcc-arm-none-eabi-5_2-2015q4/bin/../lib/gcc/arm-none-eabi/5.2.1/../../../../arm-none-eabi/lib/armv7-m/libc_nano.a
END GROUP
START GROUP
LOAD /Users/asakasinsky/Embed Tools/gcc-arm-none-eabi-5_2-2015q4/bin/../lib/gcc/arm-none-eabi/5.2.1/armv7-m/libgcc.a
LOAD /Users/asakasinsky/Embed Tools/gcc-arm-none-eabi-5_2-2015q4/bin/../lib/gcc/arm-none-eabi/5.2.1/../../../../arm-none-eabi/lib/armv7-m/libc_nano.a
END GROUP
                0x0000000020005000                __stack = (ORIGIN (RAM) + LENGTH (RAM))
                0x0000000020005000                _estack = __stack
                0x0000000000000400                __Main_Stack_Size = 0x400
                [!provide]                        PROVIDE (_Main_Stack_Size, __Main_Stack_Size)
                0x0000000020004c00                __Main_Stack_Limit = (__stack - __Main_Stack_Size)
                [!provide]                        PROVIDE (_Main_Stack_Limit, __Main_Stack_Limit)
                0x0000000000000100                _Minimum_Stack_Size = 0x100
                0x0000000020000238                PROVIDE (_Heap_Begin, _end_noinit)
                0x0000000020004c00                PROVIDE (_Heap_Limit, (__stack - __Main_Stack_Size))

.isr_vector     0x0000000008000000      0x28c
 FILL mask 0xff
                0x0000000008000000                __vectors_start = ABSOLUTE (.)
                0x0000000008000000                __vectors_start__ = ABSOLUTE (.)
 *(.isr_vector)
 .isr_vector    0x0000000008000000       0x44 ./system/src/cmsis/vectors_stm32f1xx.o
                0x0000000008000000                __isr_vectors
 *(.cfmconfig)
 *(.after_vectors .after_vectors.*)
 .after_vectors
                0x0000000008000044      0x114 ./system/src/newlib/_startup.o
                0x0000000008000044                _start
 .after_vectors
                0x0000000008000158      0x130 ./system/src/cortexm/exception_handlers.o
                0x0000000008000158                Reset_Handler
                0x0000000008000160                NMI_Handler
                0x0000000008000164                HardFault_Handler
                0x0000000008000178                HardFault_Handler_C
                0x00000000080001d8                MemManage_Handler
                0x00000000080001dc                BusFault_Handler
                0x00000000080001f0                BusFault_Handler_C
                0x0000000008000224                UsageFault_Handler
                0x0000000008000238                UsageFault_Handler_C
                0x000000000800026c                SVC_Handler
                0x0000000008000270                DebugMon_Handler
                0x0000000008000274                PendSV_Handler
 .after_vectors
                0x0000000008000288        0x4 ./system/src/cmsis/vectors_stm32f1xx.o
                0x0000000008000288                DeviceInterrupt_Handler
                0x0000000008000288                Default_Handler

.inits          0x000000000800028c       0x28
                0x000000000800028c                __data_regions_array_start = .
                0x000000000800028c        0x4 LONG 0x800215c LOADADDR (.data)
                0x0000000008000290        0x4 LONG 0x20000000 ADDR (.data)
                0x0000000008000294        0x4 LONG 0x20000074 (ADDR (.data) + SIZEOF (.data))
                0x0000000008000298        0x4 LONG 0x800215c LOADADDR (.data_CCMRAM)
                0x000000000800029c        0x4 LONG 0x10000000 ADDR (.data_CCMRAM)
                0x00000000080002a0        0x4 LONG 0x10000000 (ADDR (.data_CCMRAM) + SIZEOF (.data_CCMRAM))
                0x00000000080002a4                __data_regions_array_end = .
                0x00000000080002a4                __bss_regions_array_start = .
                0x00000000080002a4        0x4 LONG 0x20000074 ADDR (.bss)
                0x00000000080002a8        0x4 LONG 0x20000238 (ADDR (.bss) + SIZEOF (.bss))
                0x00000000080002ac        0x4 LONG 0x10000000 ADDR (.bss_CCMRAM)
                0x00000000080002b0        0x4 LONG 0x10000000 (ADDR (.bss_CCMRAM) + SIZEOF (.bss_CCMRAM))
                0x00000000080002b4                __bss_regions_array_end = .
 *(.init)
 *(.fini)
                0x00000000080002b4                . = ALIGN (0x4)
                0x00000000080002b4                PROVIDE (__preinit_array_start, .)
 *(.preinit_array_sysinit .preinit_array_sysinit.*)
 *(.preinit_array_platform .preinit_array_platform.*)
 *(.preinit_array .preinit_array.*)
                0x00000000080002b4                PROVIDE (__preinit_array_end, .)
                0x00000000080002b4                . = ALIGN (0x4)
                0x00000000080002b4                PROVIDE (__init_array_start, .)
 *(SORT(.init_array.*))
 *(.init_array)
                0x00000000080002b4                PROVIDE (__init_array_end, .)
                0x00000000080002b4                . = ALIGN (0x4)
                0x00000000080002b4                PROVIDE (__fini_array_start, .)
 *(SORT(.fini_array.*))
 *(.fini_array)
                0x00000000080002b4                PROVIDE (__fini_array_end, .)

.flashtext
 *(.flashtext .flashtext.*)

.text           0x00000000080002b4     0x1ea7
 *(.text .text.*)
 .text._sbrk    0x00000000080002b4       0x44 ./system/src/newlib/_sbrk.o
                0x00000000080002b4                _sbrk
 .text.get_errno
                0x00000000080002f8       0x14 ./system/src/newlib/_syscalls.o
 .text.error    0x000000000800030c       0x14 ./system/src/newlib/_syscalls.o
 .text.checkerror
                0x0000000008000320       0x10 ./system/src/newlib/_syscalls.o
 .text.findslot
                0x0000000008000330       0x3c ./system/src/newlib/_syscalls.o
 .text._exit    0x000000000800036c       0x20 ./system/src/newlib/_syscalls.o
                0x000000000800036c                _exit
 .text.initialise_monitor_handles
                0x000000000800038c       0xa8 ./system/src/newlib/_syscalls.o
                0x000000000800038c                initialise_monitor_handles
 .text.__initialize_args
                0x0000000008000434       0xe0 ./system/src/newlib/_syscalls.o
                0x0000000008000434                __initialize_args
 .text._swiread
                0x0000000008000514       0x20 ./system/src/newlib/_syscalls.o
                0x0000000008000514                _swiread
 .text._read    0x0000000008000534       0x38 ./system/src/newlib/_syscalls.o
                0x0000000008000534                _read
 .text._swilseek
                0x000000000800056c       0xbc ./system/src/newlib/_syscalls.o
                0x000000000800056c                _swilseek
 .text._lseek   0x0000000008000628        0x8 ./system/src/newlib/_syscalls.o
                0x0000000008000628                _lseek
 .text._swiwrite
                0x0000000008000630       0x20 ./system/src/newlib/_syscalls.o
                0x0000000008000630                _swiwrite
 .text._write   0x0000000008000650       0x44 ./system/src/newlib/_syscalls.o
                0x0000000008000650                _write
 .text._swiclose
                0x0000000008000694       0x20 ./system/src/newlib/_syscalls.o
                0x0000000008000694                _swiclose
 .text._close   0x00000000080006b4       0x4c ./system/src/newlib/_syscalls.o
                0x00000000080006b4                _close
 .text._swistat
                0x0000000008000700       0x4c ./system/src/newlib/_syscalls.o
                0x0000000008000700                _swistat
 .text._fstat   0x000000000800074c       0x1c ./system/src/newlib/_syscalls.o
                0x000000000800074c                _fstat
 .text._isatty  0x0000000008000768       0x38 ./system/src/newlib/_syscalls.o
                0x0000000008000768                _isatty
 .text.trace_printf
                0x00000000080007a0       0x30 ./system/src/diag/Trace.o
                0x00000000080007a0                trace_printf
 .text.trace_puts
                0x00000000080007d0       0x20 ./system/src/diag/Trace.o
                0x00000000080007d0                trace_puts
 .text.trace_dump_args
                0x00000000080007f0       0x44 ./system/src/diag/Trace.o
                0x00000000080007f0                trace_dump_args
 .text._trace_write_semihosting_stdout
                0x0000000008000834       0x70 ./system/src/diag/trace_impl.o
 .text.trace_write
                0x00000000080008a4        0x8 ./system/src/diag/trace_impl.o
                0x00000000080008a4                trace_write
 .text.__initialize_hardware_early
                0x00000000080008ac       0x18 ./system/src/cortexm/_initialize_hardware.o
                0x00000000080008ac                __initialize_hardware_early
 .text.__initialize_hardware
                0x00000000080008c4        0x8 ./system/src/cortexm/_initialize_hardware.o
                0x00000000080008c4                __initialize_hardware
 .text.dumpExceptionStack
                0x00000000080008cc       0xf0 ./system/src/cortexm/exception_handlers.o
                0x00000000080008cc                dumpExceptionStack
 .text.isSemihosting
                0x00000000080009bc      0x100 ./system/src/cortexm/exception_handlers.o
                0x00000000080009bc                isSemihosting
 .text.SystemCoreClockUpdate
                0x0000000008000abc       0x10 ./system/src/cmsis/system_stm32f1xx.o
                0x0000000008000abc                SystemCoreClockUpdate
 .text.SystemInit
                0x0000000008000acc       0x10 ./system/src/cmsis/system_stm32f1xx.o
                0x0000000008000acc                SystemInit
 .text.timer_start
                0x0000000008000adc       0x3c ./src/Timer.o
                0x0000000008000adc                timer_start
 .text.timer_sleep
                0x0000000008000b18       0x14 ./src/Timer.o
                0x0000000008000b18                timer_sleep
 .text.timer_tick
                0x0000000008000b2c       0x14 ./src/Timer.o
                0x0000000008000b2c                timer_tick
 .text.SysTick_Handler
                0x0000000008000b40        0x8 ./src/Timer.o
                0x0000000008000b40                SysTick_Handler
 .text.main     0x0000000008000b48       0x84 ./src/main.o
                0x0000000008000b48                main
 .text.atoi     0x0000000008000bcc        0x8 /Users/asakasinsky/Embed Tools/gcc-arm-none-eabi-5_2-2015q4/bin/../lib/gcc/arm-none-eabi/5.2.1/../../../../arm-none-eabi/lib/armv7-m/libg_nano.a(lib_a-atoi.o)
                0x0000000008000bcc                atoi
 .text.__errno  0x0000000008000bd4        0xc /Users/asakasinsky/Embed Tools/gcc-arm-none-eabi-5_2-2015q4/bin/../lib/gcc/arm-none-eabi/5.2.1/../../../../arm-none-eabi/lib/armv7-m/libg_nano.a(lib_a-errno.o)
                0x0000000008000bd4                __errno
 .text._cleanup_r
                0x0000000008000be0        0xc /Users/asakasinsky/Embed Tools/gcc-arm-none-eabi-5_2-2015q4/bin/../lib/gcc/arm-none-eabi/5.2.1/../../../../arm-none-eabi/lib/armv7-m/libg_nano.a(lib_a-findfp.o)
                0x0000000008000be0                _cleanup_r
 .text.std.isra.0
                0x0000000008000bec       0x48 /Users/asakasinsky/Embed Tools/gcc-arm-none-eabi-5_2-2015q4/bin/../lib/gcc/arm-none-eabi/5.2.1/../../../../arm-none-eabi/lib/armv7-m/libg_nano.a(lib_a-findfp.o)
 .text.__sfmoreglue
                0x0000000008000c34       0x2c /Users/asakasinsky/Embed Tools/gcc-arm-none-eabi-5_2-2015q4/bin/../lib/gcc/arm-none-eabi/5.2.1/../../../../arm-none-eabi/lib/armv7-m/libg_nano.a(lib_a-findfp.o)
                0x0000000008000c34                __sfmoreglue
 .text.__sinit  0x0000000008000c60       0x60 /Users/asakasinsky/Embed Tools/gcc-arm-none-eabi-5_2-2015q4/bin/../lib/gcc/arm-none-eabi/5.2.1/../../../../arm-none-eabi/lib/armv7-m/libg_nano.a(lib_a-findfp.o)
                0x0000000008000c60                __sinit
 .text.__sfp    0x0000000008000cc0       0x78 /Users/asakasinsky/Embed Tools/gcc-arm-none-eabi-5_2-2015q4/bin/../lib/gcc/arm-none-eabi/5.2.1/../../../../arm-none-eabi/lib/armv7-m/libg_nano.a(lib_a-findfp.o)
                0x0000000008000cc0                __sfp
 .text._fwalk_reent
                0x0000000008000d38       0x3c /Users/asakasinsky/Embed Tools/gcc-arm-none-eabi-5_2-2015q4/bin/../lib/gcc/arm-none-eabi/5.2.1/../../../../arm-none-eabi/lib/armv7-m/libg_nano.a(lib_a-fwalk.o)
                0x0000000008000d38                _fwalk_reent
 .text._fwrite_r
                0x0000000008000d74       0xb4 /Users/asakasinsky/Embed Tools/gcc-arm-none-eabi-5_2-2015q4/bin/../lib/gcc/arm-none-eabi/5.2.1/../../../../arm-none-eabi/lib/armv7-m/libg_nano.a(lib_a-fwrite.o)
                0x0000000008000d74                _fwrite_r
 .text.fwrite   0x0000000008000e28       0x1c /Users/asakasinsky/Embed Tools/gcc-arm-none-eabi-5_2-2015q4/bin/../lib/gcc/arm-none-eabi/5.2.1/../../../../arm-none-eabi/lib/armv7-m/libg_nano.a(lib_a-fwrite.o)
                0x0000000008000e28                fwrite
 .text.memcpy   0x0000000008000e44       0x16 /Users/asakasinsky/Embed Tools/gcc-arm-none-eabi-5_2-2015q4/bin/../lib/gcc/arm-none-eabi/5.2.1/../../../../arm-none-eabi/lib/armv7-m/libg_nano.a(lib_a-memcpy-stub.o)
                0x0000000008000e44                memcpy
 .text.memset   0x0000000008000e5a       0x10 /Users/asakasinsky/Embed Tools/gcc-arm-none-eabi-5_2-2015q4/bin/../lib/gcc/arm-none-eabi/5.2.1/../../../../arm-none-eabi/lib/armv7-m/libg_nano.a(lib_a-memset.o)
                0x0000000008000e5a                memset
 *fill*         0x0000000008000e6a        0x2 
 .text._malloc_r
                0x0000000008000e6c       0xa8 /Users/asakasinsky/Embed Tools/gcc-arm-none-eabi-5_2-2015q4/bin/../lib/gcc/arm-none-eabi/5.2.1/../../../../arm-none-eabi/lib/armv7-m/libg_nano.a(lib_a-nano-mallocr.o)
                0x0000000008000e6c                _malloc_r
 .text._puts_r  0x0000000008000f14       0xf0 /Users/asakasinsky/Embed Tools/gcc-arm-none-eabi-5_2-2015q4/bin/../lib/gcc/arm-none-eabi/5.2.1/../../../../arm-none-eabi/lib/armv7-m/libg_nano.a(lib_a-puts.o)
                0x0000000008000f14                _puts_r
 .text.puts     0x0000000008001004       0x10 /Users/asakasinsky/Embed Tools/gcc-arm-none-eabi-5_2-2015q4/bin/../lib/gcc/arm-none-eabi/5.2.1/../../../../arm-none-eabi/lib/armv7-m/libg_nano.a(lib_a-puts.o)
                0x0000000008001004                puts
 .text._sbrk_r  0x0000000008001014       0x20 /Users/asakasinsky/Embed Tools/gcc-arm-none-eabi-5_2-2015q4/bin/../lib/gcc/arm-none-eabi/5.2.1/../../../../arm-none-eabi/lib/armv7-m/libg_nano.a(lib_a-sbrkr.o)
                0x0000000008001014                _sbrk_r
 .text.__sread  0x0000000008001034       0x22 /Users/asakasinsky/Embed Tools/gcc-arm-none-eabi-5_2-2015q4/bin/../lib/gcc/arm-none-eabi/5.2.1/../../../../arm-none-eabi/lib/armv7-m/libg_nano.a(lib_a-stdio.o)
                0x0000000008001034                __sread
 .text.__swrite
                0x0000000008001056       0x38 /Users/asakasinsky/Embed Tools/gcc-arm-none-eabi-5_2-2015q4/bin/../lib/gcc/arm-none-eabi/5.2.1/../../../../arm-none-eabi/lib/armv7-m/libg_nano.a(lib_a-stdio.o)
                0x0000000008001056                __swrite
 .text.__sseek  0x000000000800108e       0x24 /Users/asakasinsky/Embed Tools/gcc-arm-none-eabi-5_2-2015q4/bin/../lib/gcc/arm-none-eabi/5.2.1/../../../../arm-none-eabi/lib/armv7-m/libg_nano.a(lib_a-stdio.o)
                0x000000000800108e                __sseek
 .text.__sclose
                0x00000000080010b2        0x8 /Users/asakasinsky/Embed Tools/gcc-arm-none-eabi-5_2-2015q4/bin/../lib/gcc/arm-none-eabi/5.2.1/../../../../arm-none-eabi/lib/armv7-m/libg_nano.a(lib_a-stdio.o)
                0x00000000080010b2                __sclose
 .text          0x00000000080010ba       0x14 /Users/asakasinsky/Embed Tools/gcc-arm-none-eabi-5_2-2015q4/bin/../lib/gcc/arm-none-eabi/5.2.1/../../../../arm-none-eabi/lib/armv7-m/libg_nano.a(lib_a-strcmp.o)
                0x00000000080010ba                strcmp
 .text          0x00000000080010ce       0x10 /Users/asakasinsky/Embed Tools/gcc-arm-none-eabi-5_2-2015q4/bin/../lib/gcc/arm-none-eabi/5.2.1/../../../../arm-none-eabi/lib/armv7-m/libg_nano.a(lib_a-strlen.o)
                0x00000000080010ce                strlen
 *fill*         0x00000000080010de        0x2 
 .text._strtol_r
                0x00000000080010e0      0x10c /Users/asakasinsky/Embed Tools/gcc-arm-none-eabi-5_2-2015q4/bin/../lib/gcc/arm-none-eabi/5.2.1/../../../../arm-none-eabi/lib/armv7-m/libg_nano.a(lib_a-strtol.o)
                0x00000000080010e0                _strtol_r
 .text.strtol   0x00000000080011ec       0x14 /Users/asakasinsky/Embed Tools/gcc-arm-none-eabi-5_2-2015q4/bin/../lib/gcc/arm-none-eabi/5.2.1/../../../../arm-none-eabi/lib/armv7-m/libg_nano.a(lib_a-strtol.o)
                0x00000000080011ec                strtol
 .text._vsnprintf_r
                0x0000000008001200       0x56 /Users/asakasinsky/Embed Tools/gcc-arm-none-eabi-5_2-2015q4/bin/../lib/gcc/arm-none-eabi/5.2.1/../../../../arm-none-eabi/lib/armv7-m/libg_nano.a(lib_a-vsnprintf.o)
                0x0000000008001200                _vsnprintf_r
                0x0000000008001200                _vsniprintf_r
 *fill*         0x0000000008001256        0x2 
 .text.vsnprintf
                0x0000000008001258       0x1c /Users/asakasinsky/Embed Tools/gcc-arm-none-eabi-5_2-2015q4/bin/../lib/gcc/arm-none-eabi/5.2.1/../../../../arm-none-eabi/lib/armv7-m/libg_nano.a(lib_a-vsnprintf.o)
                0x0000000008001258                vsnprintf
                0x0000000008001258                vsniprintf
 .text.__swbuf_r
                0x0000000008001274       0xa8 /Users/asakasinsky/Embed Tools/gcc-arm-none-eabi-5_2-2015q4/bin/../lib/gcc/arm-none-eabi/5.2.1/../../../../arm-none-eabi/lib/armv7-m/libg_nano.a(lib_a-wbuf.o)
                0x0000000008001274                __swbuf_r
 .text._write_r
                0x000000000800131c       0x24 /Users/asakasinsky/Embed Tools/gcc-arm-none-eabi-5_2-2015q4/bin/../lib/gcc/arm-none-eabi/5.2.1/../../../../arm-none-eabi/lib/armv7-m/libg_nano.a(lib_a-writer.o)
                0x000000000800131c                _write_r
 .text.__swsetup_r
                0x0000000008001340       0xd8 /Users/asakasinsky/Embed Tools/gcc-arm-none-eabi-5_2-2015q4/bin/../lib/gcc/arm-none-eabi/5.2.1/../../../../arm-none-eabi/lib/armv7-m/libg_nano.a(lib_a-wsetup.o)
                0x0000000008001340                __swsetup_r
 .text._close_r
                0x0000000008001418       0x20 /Users/asakasinsky/Embed Tools/gcc-arm-none-eabi-5_2-2015q4/bin/../lib/gcc/arm-none-eabi/5.2.1/../../../../arm-none-eabi/lib/armv7-m/libg_nano.a(lib_a-closer.o)
                0x0000000008001418                _close_r
 .text.__sflush_r
                0x0000000008001438      0x10c /Users/asakasinsky/Embed Tools/gcc-arm-none-eabi-5_2-2015q4/bin/../lib/gcc/arm-none-eabi/5.2.1/../../../../arm-none-eabi/lib/armv7-m/libg_nano.a(lib_a-fflush.o)
                0x0000000008001438                __sflush_r
 .text._fflush_r
                0x0000000008001544       0x54 /Users/asakasinsky/Embed Tools/gcc-arm-none-eabi-5_2-2015q4/bin/../lib/gcc/arm-none-eabi/5.2.1/../../../../arm-none-eabi/lib/armv7-m/libg_nano.a(lib_a-fflush.o)
                0x0000000008001544                _fflush_r
 .text._lseek_r
                0x0000000008001598       0x24 /Users/asakasinsky/Embed Tools/gcc-arm-none-eabi-5_2-2015q4/bin/../lib/gcc/arm-none-eabi/5.2.1/../../../../arm-none-eabi/lib/armv7-m/libg_nano.a(lib_a-lseekr.o)
                0x0000000008001598                _lseek_r
 .text.__smakebuf_r
                0x00000000080015bc       0x98 /Users/asakasinsky/Embed Tools/gcc-arm-none-eabi-5_2-2015q4/bin/../lib/gcc/arm-none-eabi/5.2.1/../../../../arm-none-eabi/lib/armv7-m/libg_nano.a(lib_a-makebuf.o)
                0x00000000080015bc                __smakebuf_r
 .text._free_r  0x0000000008001654       0x88 /Users/asakasinsky/Embed Tools/gcc-arm-none-eabi-5_2-2015q4/bin/../lib/gcc/arm-none-eabi/5.2.1/../../../../arm-none-eabi/lib/armv7-m/libg_nano.a(lib_a-nano-freer.o)
                0x0000000008001654                _free_r
 .text.__ssputs_r
                0x00000000080016dc       0xb2 /Users/asakasinsky/Embed Tools/gcc-arm-none-eabi-5_2-2015q4/bin/../lib/gcc/arm-none-eabi/5.2.1/../../../../arm-none-eabi/lib/armv7-m/libg_nano.a(lib_a-nano-svfprintf.o)
                0x00000000080016dc                __ssputs_r
 *fill*         0x000000000800178e        0x2 
 .text._svfprintf_r
                0x0000000008001790      0x1e8 /Users/asakasinsky/Embed Tools/gcc-arm-none-eabi-5_2-2015q4/bin/../lib/gcc/arm-none-eabi/5.2.1/../../../../arm-none-eabi/lib/armv7-m/libg_nano.a(lib_a-nano-svfprintf.o)
                0x0000000008001790                _svfprintf_r
                0x0000000008001790                _svfiprintf_r
 .text._printf_common
                0x0000000008001978       0xec /Users/asakasinsky/Embed Tools/gcc-arm-none-eabi-5_2-2015q4/bin/../lib/gcc/arm-none-eabi/5.2.1/../../../../arm-none-eabi/lib/armv7-m/libg_nano.a(lib_a-nano-vfprintf_i.o)
                0x0000000008001978                _printf_common
 .text._printf_i
                0x0000000008001a64      0x24c /Users/asakasinsky/Embed Tools/gcc-arm-none-eabi-5_2-2015q4/bin/../lib/gcc/arm-none-eabi/5.2.1/../../../../arm-none-eabi/lib/armv7-m/libg_nano.a(lib_a-nano-vfprintf_i.o)
                0x0000000008001a64                _printf_i
 .text._read_r  0x0000000008001cb0       0x24 /Users/asakasinsky/Embed Tools/gcc-arm-none-eabi-5_2-2015q4/bin/../lib/gcc/arm-none-eabi/5.2.1/../../../../arm-none-eabi/lib/armv7-m/libg_nano.a(lib_a-readr.o)
                0x0000000008001cb0                _read_r
 .text._fstat_r
                0x0000000008001cd4       0x24 /Users/asakasinsky/Embed Tools/gcc-arm-none-eabi-5_2-2015q4/bin/../lib/gcc/arm-none-eabi/5.2.1/../../../../arm-none-eabi/lib/armv7-m/libg_nano.a(lib_a-fstatr.o)
                0x0000000008001cd4                _fstat_r
 .text._isatty_r
                0x0000000008001cf8       0x20 /Users/asakasinsky/Embed Tools/gcc-arm-none-eabi-5_2-2015q4/bin/../lib/gcc/arm-none-eabi/5.2.1/../../../../arm-none-eabi/lib/armv7-m/libg_nano.a(lib_a-isattyr.o)
                0x0000000008001cf8                _isatty_r
 .text.memchr   0x0000000008001d18       0x1c /Users/asakasinsky/Embed Tools/gcc-arm-none-eabi-5_2-2015q4/bin/../lib/gcc/arm-none-eabi/5.2.1/../../../../arm-none-eabi/lib/armv7-m/libg_nano.a(lib_a-memchr-stub.o)
                0x0000000008001d18                memchr
 .text.memmove  0x0000000008001d34       0x36 /Users/asakasinsky/Embed Tools/gcc-arm-none-eabi-5_2-2015q4/bin/../lib/gcc/arm-none-eabi/5.2.1/../../../../arm-none-eabi/lib/armv7-m/libg_nano.a(lib_a-memmove.o)
                0x0000000008001d34                memmove
 .text._realloc_r
                0x0000000008001d6a       0x4c /Users/asakasinsky/Embed Tools/gcc-arm-none-eabi-5_2-2015q4/bin/../lib/gcc/arm-none-eabi/5.2.1/../../../../arm-none-eabi/lib/armv7-m/libg_nano.a(lib_a-nano-reallocr.o)
                0x0000000008001d6a                _realloc_r
 .text._malloc_usable_size_r
                0x0000000008001db6       0x14 /Users/asakasinsky/Embed Tools/gcc-arm-none-eabi-5_2-2015q4/bin/../lib/gcc/arm-none-eabi/5.2.1/../../../../arm-none-eabi/lib/armv7-m/libg_nano.a(lib_a-nano-msizer.o)
                0x0000000008001db6                _malloc_usable_size_r
 *(.rodata .rodata.* .constdata .constdata.*)
 *fill*         0x0000000008001dca        0x2 
 .rodata.str1.4
                0x0000000008001dcc        0x9 ./system/src/newlib/_syscalls.o
 *fill*         0x0000000008001dd5        0x3 
 .rodata.str1.4
                0x0000000008001dd8       0x29 ./system/src/diag/Trace.o
                                         0x2d (size before relaxing)
 .rodata.str1.4
                0x0000000008001e01        0x4 ./system/src/diag/trace_impl.o
 *fill*         0x0000000008001e01        0x3 
 .rodata.str1.4
                0x0000000008001e04      0x146 ./system/src/cortexm/exception_handlers.o
                                        0x14a (size before relaxing)
 *fill*         0x0000000008001f4a        0x2 
 .rodata.str1.4
                0x0000000008001f4c       0x70 ./src/main.o
                                         0x6f (size before relaxing)
 .rodata._ctype_
                0x0000000008001fbc      0x101 /Users/asakasinsky/Embed Tools/gcc-arm-none-eabi-5_2-2015q4/bin/../lib/gcc/arm-none-eabi/5.2.1/../../../../arm-none-eabi/lib/armv7-m/libg_nano.a(lib_a-ctype_.o)
                0x0000000008001fbc                _ctype_
 *fill*         0x00000000080020bd        0x3 
 .rodata.__sf_fake_stdin
                0x00000000080020c0       0x20 /Users/asakasinsky/Embed Tools/gcc-arm-none-eabi-5_2-2015q4/bin/../lib/gcc/arm-none-eabi/5.2.1/../../../../arm-none-eabi/lib/armv7-m/libg_nano.a(lib_a-findfp.o)
                0x00000000080020c0                __sf_fake_stdin
 .rodata.__sf_fake_stdout
                0x00000000080020e0       0x20 /Users/asakasinsky/Embed Tools/gcc-arm-none-eabi-5_2-2015q4/bin/../lib/gcc/arm-none-eabi/5.2.1/../../../../arm-none-eabi/lib/armv7-m/libg_nano.a(lib_a-findfp.o)
                0x00000000080020e0                __sf_fake_stdout
 .rodata.__sf_fake_stderr
                0x0000000008002100       0x20 /Users/asakasinsky/Embed Tools/gcc-arm-none-eabi-5_2-2015q4/bin/../lib/gcc/arm-none-eabi/5.2.1/../../../../arm-none-eabi/lib/armv7-m/libg_nano.a(lib_a-findfp.o)
                0x0000000008002100                __sf_fake_stderr
 .rodata.str1.1
                0x0000000008002120        0x2 /Users/asakasinsky/Embed Tools/gcc-arm-none-eabi-5_2-2015q4/bin/../lib/gcc/arm-none-eabi/5.2.1/../../../../arm-none-eabi/lib/armv7-m/libg_nano.a(lib_a-impure.o)
 *fill*         0x0000000008002122        0x2 
 .rodata._global_impure_ptr
                0x0000000008002124        0x4 /Users/asakasinsky/Embed Tools/gcc-arm-none-eabi-5_2-2015q4/bin/../lib/gcc/arm-none-eabi/5.2.1/../../../../arm-none-eabi/lib/armv7-m/libg_nano.a(lib_a-impure.o)
                0x0000000008002124                _global_impure_ptr
 .rodata.str1.1
                0x0000000008002128       0x11 /Users/asakasinsky/Embed Tools/gcc-arm-none-eabi-5_2-2015q4/bin/../lib/gcc/arm-none-eabi/5.2.1/../../../../arm-none-eabi/lib/armv7-m/libg_nano.a(lib_a-nano-svfprintf.o)
 .rodata.str1.1
                0x0000000008002139       0x22 /Users/asakasinsky/Embed Tools/gcc-arm-none-eabi-5_2-2015q4/bin/../lib/gcc/arm-none-eabi/5.2.1/../../../../arm-none-eabi/lib/armv7-m/libg_nano.a(lib_a-nano-vfprintf_i.o)
 *(vtable)
 *(.eh_frame*)
 *(.glue_7)
 .glue_7        0x000000000800215b        0x0 linker stubs
 *(.glue_7t)
 .glue_7t       0x000000000800215b        0x0 linker stubs

.vfp11_veneer   0x000000000800215c        0x0
 .vfp11_veneer  0x000000000800215c        0x0 linker stubs

.v4_bx          0x000000000800215c        0x0
 .v4_bx         0x000000000800215c        0x0 linker stubs

.iplt           0x000000000800215c        0x0
 .iplt          0x000000000800215c        0x0 ./system/src/newlib/_cxx.o

.rel.dyn        0x000000000800215c        0x0
 .rel.iplt      0x000000000800215c        0x0 ./system/src/newlib/_cxx.o

.ARM.extab
 *(.ARM.extab* .gnu.linkonce.armextab.*)
                0x000000000800215c                . = ALIGN (0x4)
                0x000000000800215c                __exidx_start = .

.ARM.exidx
 *(.ARM.exidx* .gnu.linkonce.armexidx.*)
                0x000000000800215c                __exidx_end = .
                0x000000000800215c                . = ALIGN (0x4)
                0x000000000800215c                _etext = .
                0x000000000800215c                __etext = .

.data_CCMRAM    0x0000000010000000        0x0 load address 0x000000000800215c
 FILL mask 0xff
 *(.data.CCMRAM .data.CCMRAM.*)
                0x0000000010000000                . = ALIGN (0x4)
                0x000000000800215c                _sidata = LOADADDR (.data)

.data           0x0000000020000000       0x74 load address 0x000000000800215c
 FILL mask 0xff
                0x0000000020000000                _sdata = .
                0x0000000020000000                __data_start__ = .
 *(.data_begin .data_begin.*)
 .data_begin    0x0000000020000000        0x4 ./system/src/newlib/_startup.o
 *(.data .data.*)
 .data.SystemCoreClock
                0x0000000020000004        0x4 ./system/src/cmsis/system_stm32f1xx.o
                0x0000000020000004                SystemCoreClock
 .data.__ctype_ptr__
                0x0000000020000008        0x4 /Users/asakasinsky/Embed Tools/gcc-arm-none-eabi-5_2-2015q4/bin/../lib/gcc/arm-none-eabi/5.2.1/../../../../arm-none-eabi/lib/armv7-m/libg_nano.a(lib_a-ctype_.o)
                0x0000000020000008                __ctype_ptr__
 .data.impure_data
                0x000000002000000c       0x60 /Users/asakasinsky/Embed Tools/gcc-arm-none-eabi-5_2-2015q4/bin/../lib/gcc/arm-none-eabi/5.2.1/../../../../arm-none-eabi/lib/armv7-m/libg_nano.a(lib_a-impure.o)
 .data._impure_ptr
                0x000000002000006c        0x4 /Users/asakasinsky/Embed Tools/gcc-arm-none-eabi-5_2-2015q4/bin/../lib/gcc/arm-none-eabi/5.2.1/../../../../arm-none-eabi/lib/armv7-m/libg_nano.a(lib_a-impure.o)
                0x000000002000006c                _impure_ptr
 *(.data_end .data_end.*)
 .data_end      0x0000000020000070        0x4 ./system/src/newlib/_startup.o
                0x0000000020000074                . = ALIGN (0x4)
                0x0000000020000074                _edata = .
                0x0000000020000074                __data_end__ = .

.igot.plt       0x0000000020000074        0x0 load address 0x00000000080021d0
 .igot.plt      0x0000000020000074        0x0 ./system/src/newlib/_cxx.o

.bss_CCMRAM     0x0000000010000000        0x0
 *(.bss.CCMRAM .bss.CCMRAM.*)

.bss            0x0000000020000074      0x1c4
                0x0000000020000074                __bss_start__ = .
                0x0000000020000074                _sbss = .
 *(.bss_begin .bss_begin.*)
 .bss_begin     0x0000000020000074        0x4 ./system/src/newlib/_startup.o
 *(.bss .bss.*)
 .bss.current_heap_end.4422
                0x0000000020000078        0x4 ./system/src/newlib/_sbrk.o
 .bss.monitor_stdout
                0x000000002000007c        0x4 ./system/src/newlib/_syscalls.o
 .bss.monitor_stdin
                0x0000000020000080        0x4 ./system/src/newlib/_syscalls.o
 .bss.argv_buf.6129
                0x0000000020000084       0x28 ./system/src/newlib/_syscalls.o
 .bss.args_buf.6128
                0x00000000200000ac       0x50 ./system/src/newlib/_syscalls.o
 .bss.monitor_stderr
                0x00000000200000fc        0x4 ./system/src/newlib/_syscalls.o
 .bss.openfiles
                0x0000000020000100       0xa0 ./system/src/newlib/_syscalls.o
 .bss.buf.5558  0x00000000200001a0       0x80 ./system/src/diag/Trace.o
 .bss.handle.5032
                0x0000000020000220        0x4 ./system/src/diag/trace_impl.o
 .bss.__malloc_sbrk_start
                0x0000000020000224        0x4 /Users/asakasinsky/Embed Tools/gcc-arm-none-eabi-5_2-2015q4/bin/../lib/gcc/arm-none-eabi/5.2.1/../../../../arm-none-eabi/lib/armv7-m/libg_nano.a(lib_a-nano-mallocr.o)
                0x0000000020000224                __malloc_sbrk_start
 .bss.__malloc_free_list
                0x0000000020000228        0x4 /Users/asakasinsky/Embed Tools/gcc-arm-none-eabi-5_2-2015q4/bin/../lib/gcc/arm-none-eabi/5.2.1/../../../../arm-none-eabi/lib/armv7-m/libg_nano.a(lib_a-nano-mallocr.o)
                0x0000000020000228                __malloc_free_list
 *(COMMON)
 COMMON         0x000000002000022c        0x4 ./system/src/newlib/_syscalls.o
                0x000000002000022c                errno
 COMMON         0x0000000020000230        0x4 ./src/Timer.o
                0x0000000020000230                timer_delayCount
 *(.bss_end .bss_end.*)
 .bss_end       0x0000000020000234        0x4 ./system/src/newlib/_startup.o
                0x0000000020000238                . = ALIGN (0x4)
                0x0000000020000238                __bss_end__ = .
                0x0000000020000238                _ebss = .

.noinit_CCMRAM
 *(.noinit.CCMRAM .noinit.CCMRAM.*)

.noinit         0x0000000020000238        0x0
                0x0000000020000238                _noinit = .
 *(.noinit .noinit.*)
                0x0000000020000238                . = ALIGN (0x4)
                0x0000000020000238                _end_noinit = .
                [!provide]                        PROVIDE (end, _end_noinit)
                [!provide]                        PROVIDE (_end, _end_noinit)
                [!provide]                        PROVIDE (__end, _end_noinit)
                [!provide]                        PROVIDE (__end__, _end_noinit)

._check_stack   0x0000000020000238      0x100
                0x0000000020000338                . = (. + _Minimum_Stack_Size)
 *fill*         0x0000000020000238      0x100 

.b1text
 *(.b1text)
 *(.b1rodata)
 *(.b1rodata.*)

.eb0text
 *(.eb0text)
 *(.eb0rodata)
 *(.eb0rodata.*)

.eb1text
 *(.eb1text)
 *(.eb1rodata)
 *(.eb1rodata.*)

.eb2text
 *(.eb2text)
 *(.eb2rodata)
 *(.eb2rodata.*)

.eb3text
 *(.eb3text)
 *(.eb3rodata)
 *(.eb3rodata.*)

.stab
 *(.stab)

.stabstr
 *(.stabstr)

.stab.excl
 *(.stab.excl)

.stab.exclstr
 *(.stab.exclstr)

.stab.index
 *(.stab.index)

.stab.indexstr
 *(.stab.indexstr)

.comment        0x0000000000000000       0x6e
 *(.comment)
 .comment       0x0000000000000000       0x6e ./system/src/newlib/_sbrk.o
                                         0x6f (size before relaxing)
 .comment       0x000000000000006e       0x6f ./system/src/newlib/_startup.o
 .comment       0x000000000000006e       0x6f ./system/src/newlib/_syscalls.o
 .comment       0x000000000000006e       0x6f ./system/src/diag/Trace.o
 .comment       0x000000000000006e       0x6f ./system/src/diag/trace_impl.o
 .comment       0x000000000000006e       0x6f ./system/src/cortexm/_initialize_hardware.o
 .comment       0x000000000000006e       0x6f ./system/src/cortexm/exception_handlers.o
 .comment       0x000000000000006e       0x6f ./system/src/cmsis/system_stm32f1xx.o
 .comment       0x000000000000006e       0x6f ./system/src/cmsis/vectors_stm32f1xx.o
 .comment       0x000000000000006e       0x6f ./src/Timer.o
 .comment       0x000000000000006e       0x6f ./src/main.o

.ARM.attributes
                0x0000000000000000       0x31
 .ARM.attributes
                0x0000000000000000       0x33 ./system/src/newlib/_sbrk.o
 .ARM.attributes
                0x0000000000000033       0x33 ./system/src/newlib/_startup.o
 .ARM.attributes
                0x0000000000000066       0x33 ./system/src/newlib/_syscalls.o
 .ARM.attributes
                0x0000000000000099       0x33 ./system/src/diag/Trace.o
 .ARM.attributes
                0x00000000000000cc       0x33 ./system/src/diag/trace_impl.o
 .ARM.attributes
                0x00000000000000ff       0x33 ./system/src/cortexm/_initialize_hardware.o
 .ARM.attributes
                0x0000000000000132       0x33 ./system/src/cortexm/exception_handlers.o
 .ARM.attributes
                0x0000000000000165       0x33 ./system/src/cmsis/system_stm32f1xx.o
 .ARM.attributes
                0x0000000000000198       0x33 ./system/src/cmsis/vectors_stm32f1xx.o
 .ARM.attributes
                0x00000000000001cb       0x33 ./src/Timer.o
 .ARM.attributes
                0x00000000000001fe       0x33 ./src/main.o
 .ARM.attributes
                0x0000000000000231       0x2d /Users/asakasinsky/Embed Tools/gcc-arm-none-eabi-5_2-2015q4/bin/../lib/gcc/arm-none-eabi/5.2.1/../../../../arm-none-eabi/lib/armv7-m/libg_nano.a(lib_a-atoi.o)
 .ARM.attributes
                0x000000000000025e       0x2d /Users/asakasinsky/Embed Tools/gcc-arm-none-eabi-5_2-2015q4/bin/../lib/gcc/arm-none-eabi/5.2.1/../../../../arm-none-eabi/lib/armv7-m/libg_nano.a(lib_a-ctype_.o)
 .ARM.attributes
                0x000000000000028b       0x2d /Users/asakasinsky/Embed Tools/gcc-arm-none-eabi-5_2-2015q4/bin/../lib/gcc/arm-none-eabi/5.2.1/../../../../arm-none-eabi/lib/armv7-m/libg_nano.a(lib_a-errno.o)
 .ARM.attributes
                0x00000000000002b8       0x2d /Users/asakasinsky/Embed Tools/gcc-arm-none-eabi-5_2-2015q4/bin/../lib/gcc/arm-none-eabi/5.2.1/../../../../arm-none-eabi/lib/armv7-m/libg_nano.a(lib_a-findfp.o)
 .ARM.attributes
                0x00000000000002e5       0x2d /Users/asakasinsky/Embed Tools/gcc-arm-none-eabi-5_2-2015q4/bin/../lib/gcc/arm-none-eabi/5.2.1/../../../../arm-none-eabi/lib/armv7-m/libg_nano.a(lib_a-fwalk.o)
 .ARM.attributes
                0x0000000000000312       0x2d /Users/asakasinsky/Embed Tools/gcc-arm-none-eabi-5_2-2015q4/bin/../lib/gcc/arm-none-eabi/5.2.1/../../../../arm-none-eabi/lib/armv7-m/libg_nano.a(lib_a-fwrite.o)
 .ARM.attributes
                0x000000000000033f       0x2d /Users/asakasinsky/Embed Tools/gcc-arm-none-eabi-5_2-2015q4/bin/../lib/gcc/arm-none-eabi/5.2.1/../../../../arm-none-eabi/lib/armv7-m/libg_nano.a(lib_a-impure.o)
 .ARM.attributes
                0x000000000000036c       0x2d /Users/asakasinsky/Embed Tools/gcc-arm-none-eabi-5_2-2015q4/bin/../lib/gcc/arm-none-eabi/5.2.1/../../../../arm-none-eabi/lib/armv7-m/libg_nano.a(lib_a-memcpy-stub.o)
 .ARM.attributes
                0x0000000000000399       0x2d /Users/asakasinsky/Embed Tools/gcc-arm-none-eabi-5_2-2015q4/bin/../lib/gcc/arm-none-eabi/5.2.1/../../../../arm-none-eabi/lib/armv7-m/libg_nano.a(lib_a-memset.o)
 .ARM.attributes
                0x00000000000003c6       0x2d /Users/asakasinsky/Embed Tools/gcc-arm-none-eabi-5_2-2015q4/bin/../lib/gcc/arm-none-eabi/5.2.1/../../../../arm-none-eabi/lib/armv7-m/libg_nano.a(lib_a-nano-mallocr.o)
 .ARM.attributes
                0x00000000000003f3       0x2d /Users/asakasinsky/Embed Tools/gcc-arm-none-eabi-5_2-2015q4/bin/../lib/gcc/arm-none-eabi/5.2.1/../../../../arm-none-eabi/lib/armv7-m/libg_nano.a(lib_a-puts.o)
 .ARM.attributes
                0x0000000000000420       0x2d /Users/asakasinsky/Embed Tools/gcc-arm-none-eabi-5_2-2015q4/bin/../lib/gcc/arm-none-eabi/5.2.1/../../../../arm-none-eabi/lib/armv7-m/libg_nano.a(lib_a-sbrkr.o)
 .ARM.attributes
                0x000000000000044d       0x2d /Users/asakasinsky/Embed Tools/gcc-arm-none-eabi-5_2-2015q4/bin/../lib/gcc/arm-none-eabi/5.2.1/../../../../arm-none-eabi/lib/armv7-m/libg_nano.a(lib_a-stdio.o)
 .ARM.attributes
                0x000000000000047a       0x1b /Users/asakasinsky/Embed Tools/gcc-arm-none-eabi-5_2-2015q4/bin/../lib/gcc/arm-none-eabi/5.2.1/../../../../arm-none-eabi/lib/armv7-m/libg_nano.a(lib_a-strcmp.o)
 .ARM.attributes
                0x0000000000000495       0x17 /Users/asakasinsky/Embed Tools/gcc-arm-none-eabi-5_2-2015q4/bin/../lib/gcc/arm-none-eabi/5.2.1/../../../../arm-none-eabi/lib/armv7-m/libg_nano.a(lib_a-strlen.o)
 .ARM.attributes
                0x00000000000004ac       0x2d /Users/asakasinsky/Embed Tools/gcc-arm-none-eabi-5_2-2015q4/bin/../lib/gcc/arm-none-eabi/5.2.1/../../../../arm-none-eabi/lib/armv7-m/libg_nano.a(lib_a-strtol.o)
 .ARM.attributes
                0x00000000000004d9       0x2d /Users/asakasinsky/Embed Tools/gcc-arm-none-eabi-5_2-2015q4/bin/../lib/gcc/arm-none-eabi/5.2.1/../../../../arm-none-eabi/lib/armv7-m/libg_nano.a(lib_a-vsnprintf.o)
 .ARM.attributes
                0x0000000000000506       0x2d /Users/asakasinsky/Embed Tools/gcc-arm-none-eabi-5_2-2015q4/bin/../lib/gcc/arm-none-eabi/5.2.1/../../../../arm-none-eabi/lib/armv7-m/libg_nano.a(lib_a-wbuf.o)
 .ARM.attributes
                0x0000000000000533       0x2d /Users/asakasinsky/Embed Tools/gcc-arm-none-eabi-5_2-2015q4/bin/../lib/gcc/arm-none-eabi/5.2.1/../../../../arm-none-eabi/lib/armv7-m/libg_nano.a(lib_a-writer.o)
 .ARM.attributes
                0x0000000000000560       0x2d /Users/asakasinsky/Embed Tools/gcc-arm-none-eabi-5_2-2015q4/bin/../lib/gcc/arm-none-eabi/5.2.1/../../../../arm-none-eabi/lib/armv7-m/libg_nano.a(lib_a-wsetup.o)
 .ARM.attributes
                0x000000000000058d       0x2d /Users/asakasinsky/Embed Tools/gcc-arm-none-eabi-5_2-2015q4/bin/../lib/gcc/arm-none-eabi/5.2.1/../../../../arm-none-eabi/lib/armv7-m/libg_nano.a(lib_a-closer.o)
 .ARM.attributes
                0x00000000000005ba       0x2d /Users/asakasinsky/Embed Tools/gcc-arm-none-eabi-5_2-2015q4/bin/../lib/gcc/arm-none-eabi/5.2.1/../../../../arm-none-eabi/lib/armv7-m/libg_nano.a(lib_a-fflush.o)
 .ARM.attributes
                0x00000000000005e7       0x2d /Users/asakasinsky/Embed Tools/gcc-arm-none-eabi-5_2-2015q4/bin/../lib/gcc/arm-none-eabi/5.2.1/../../../../arm-none-eabi/lib/armv7-m/libg_nano.a(lib_a-lseekr.o)
 .ARM.attributes
                0x0000000000000614       0x2d /Users/asakasinsky/Embed Tools/gcc-arm-none-eabi-5_2-2015q4/bin/../lib/gcc/arm-none-eabi/5.2.1/../../../../arm-none-eabi/lib/armv7-m/libg_nano.a(lib_a-makebuf.o)
 .ARM.attributes
                0x0000000000000641       0x2d /Users/asakasinsky/Embed Tools/gcc-arm-none-eabi-5_2-2015q4/bin/../lib/gcc/arm-none-eabi/5.2.1/../../../../arm-none-eabi/lib/armv7-m/libg_nano.a(lib_a-nano-freer.o)
 .ARM.attributes
                0x000000000000066e       0x2d /Users/asakasinsky/Embed Tools/gcc-arm-none-eabi-5_2-2015q4/bin/../lib/gcc/arm-none-eabi/5.2.1/../../../../arm-none-eabi/lib/armv7-m/libg_nano.a(lib_a-nano-svfprintf.o)
 .ARM.attributes
                0x000000000000069b       0x2d /Users/asakasinsky/Embed Tools/gcc-arm-none-eabi-5_2-2015q4/bin/../lib/gcc/arm-none-eabi/5.2.1/../../../../arm-none-eabi/lib/armv7-m/libg_nano.a(lib_a-nano-vfprintf_i.o)
 .ARM.attributes
                0x00000000000006c8       0x2d /Users/asakasinsky/Embed Tools/gcc-arm-none-eabi-5_2-2015q4/bin/../lib/gcc/arm-none-eabi/5.2.1/../../../../arm-none-eabi/lib/armv7-m/libg_nano.a(lib_a-readr.o)
 .ARM.attributes
                0x00000000000006f5       0x2d /Users/asakasinsky/Embed Tools/gcc-arm-none-eabi-5_2-2015q4/bin/../lib/gcc/arm-none-eabi/5.2.1/../../../../arm-none-eabi/lib/armv7-m/libg_nano.a(lib_a-fstatr.o)
 .ARM.attributes
                0x0000000000000722       0x2d /Users/asakasinsky/Embed Tools/gcc-arm-none-eabi-5_2-2015q4/bin/../lib/gcc/arm-none-eabi/5.2.1/../../../../arm-none-eabi/lib/armv7-m/libg_nano.a(lib_a-isattyr.o)
 .ARM.attributes
                0x000000000000074f       0x2d /Users/asakasinsky/Embed Tools/gcc-arm-none-eabi-5_2-2015q4/bin/../lib/gcc/arm-none-eabi/5.2.1/../../../../arm-none-eabi/lib/armv7-m/libg_nano.a(lib_a-memchr-stub.o)
 .ARM.attributes
                0x000000000000077c       0x2d /Users/asakasinsky/Embed Tools/gcc-arm-none-eabi-5_2-2015q4/bin/../lib/gcc/arm-none-eabi/5.2.1/../../../../arm-none-eabi/lib/armv7-m/libg_nano.a(lib_a-memmove.o)
 .ARM.attributes
                0x00000000000007a9       0x2d /Users/asakasinsky/Embed Tools/gcc-arm-none-eabi-5_2-2015q4/bin/../lib/gcc/arm-none-eabi/5.2.1/../../../../arm-none-eabi/lib/armv7-m/libg_nano.a(lib_a-nano-reallocr.o)
 .ARM.attributes
                0x00000000000007d6       0x2d /Users/asakasinsky/Embed Tools/gcc-arm-none-eabi-5_2-2015q4/bin/../lib/gcc/arm-none-eabi/5.2.1/../../../../arm-none-eabi/lib/armv7-m/libg_nano.a(lib_a-nano-msizer.o)

.debug
 *(.debug)

.line
 *(.line)

.debug_srcinfo
 *(.debug_srcinfo)

.debug_sfnames
 *(.debug_sfnames)

.debug_aranges  0x0000000000000000      0x340
 *(.debug_aranges)
 .debug_aranges
                0x0000000000000000       0x20 ./system/src/newlib/_sbrk.o
 .debug_aranges
                0x0000000000000020       0x40 ./system/src/newlib/_startup.o
 .debug_aranges
                0x0000000000000060      0x120 ./system/src/newlib/_syscalls.o
 .debug_aranges
                0x0000000000000180       0x38 ./system/src/diag/Trace.o
 .debug_aranges
                0x00000000000001b8       0x30 ./system/src/diag/trace_impl.o
 .debug_aranges
                0x00000000000001e8       0x28 ./system/src/cortexm/_initialize_hardware.o
 .debug_aranges
                0x0000000000000210       0x90 ./system/src/cortexm/exception_handlers.o
 .debug_aranges
                0x00000000000002a0       0x28 ./system/src/cmsis/system_stm32f1xx.o
 .debug_aranges
                0x00000000000002c8       0x20 ./system/src/cmsis/vectors_stm32f1xx.o
 .debug_aranges
                0x00000000000002e8       0x38 ./src/Timer.o
 .debug_aranges
                0x0000000000000320       0x20 ./src/main.o

.debug_pubnames
 *(.debug_pubnames)

.debug_info     0x0000000000000000     0x47b3
 *(.debug_info .gnu.linkonce.wi.*)
 .debug_info    0x0000000000000000      0x11f ./system/src/newlib/_sbrk.o
 .debug_info    0x000000000000011f      0x45f ./system/src/newlib/_startup.o
 .debug_info    0x000000000000057e     0x1ebd ./system/src/newlib/_syscalls.o
 .debug_info    0x000000000000243b      0x2e7 ./system/src/diag/Trace.o
 .debug_info    0x0000000000002722      0x2f8 ./system/src/diag/trace_impl.o
 .debug_info    0x0000000000002a1a      0x2bd ./system/src/cortexm/_initialize_hardware.o
 .debug_info    0x0000000000002cd7      0x98f ./system/src/cortexm/exception_handlers.o
 .debug_info    0x0000000000003666       0xe7 ./system/src/cmsis/system_stm32f1xx.o
 .debug_info    0x000000000000374d       0xd0 ./system/src/cmsis/vectors_stm32f1xx.o
 .debug_info    0x000000000000381d      0x546 ./src/Timer.o
 .debug_info    0x0000000000003d63      0xa50 ./src/main.o

.debug_abbrev   0x0000000000000000     0x1206
 *(.debug_abbrev)
 .debug_abbrev  0x0000000000000000       0xb9 ./system/src/newlib/_sbrk.o
 .debug_abbrev  0x00000000000000b9      0x1ac ./system/src/newlib/_startup.o
 .debug_abbrev  0x0000000000000265      0x41e ./system/src/newlib/_syscalls.o
 .debug_abbrev  0x0000000000000683      0x156 ./system/src/diag/Trace.o
 .debug_abbrev  0x00000000000007d9      0x1b0 ./system/src/diag/trace_impl.o
 .debug_abbrev  0x0000000000000989       0xea ./system/src/cortexm/_initialize_hardware.o
 .debug_abbrev  0x0000000000000a73      0x286 ./system/src/cortexm/exception_handlers.o
 .debug_abbrev  0x0000000000000cf9       0x7b ./system/src/cmsis/system_stm32f1xx.o
 .debug_abbrev  0x0000000000000d74       0x9d ./system/src/cmsis/vectors_stm32f1xx.o
 .debug_abbrev  0x0000000000000e11      0x1c0 ./src/Timer.o
 .debug_abbrev  0x0000000000000fd1      0x235 ./src/main.o

.debug_line     0x0000000000000000     0x29db
 *(.debug_line)
 .debug_line    0x0000000000000000      0x2cc ./system/src/newlib/_sbrk.o
 .debug_line    0x00000000000002cc      0x38b ./system/src/newlib/_startup.o
 .debug_line    0x0000000000000657      0x856 ./system/src/newlib/_syscalls.o
 .debug_line    0x0000000000000ead      0x379 ./system/src/diag/Trace.o
 .debug_line    0x0000000000001226      0x404 ./system/src/diag/trace_impl.o
 .debug_line    0x000000000000162a      0x2b4 ./system/src/cortexm/_initialize_hardware.o
 .debug_line    0x00000000000018de      0x4ea ./system/src/cortexm/exception_handlers.o
 .debug_line    0x0000000000001dc8      0x29c ./system/src/cmsis/system_stm32f1xx.o
 .debug_line    0x0000000000002064      0x23f ./system/src/cmsis/vectors_stm32f1xx.o
 .debug_line    0x00000000000022a3      0x312 ./src/Timer.o
 .debug_line    0x00000000000025b5      0x426 ./src/main.o

.debug_frame    0x0000000000000000      0xfd0
 *(.debug_frame)
 .debug_frame   0x0000000000000000       0x28 ./system/src/newlib/_sbrk.o
 .debug_frame   0x0000000000000028       0x7c ./system/src/newlib/_startup.o
 .debug_frame   0x00000000000000a4      0x3d0 ./system/src/newlib/_syscalls.o
 .debug_frame   0x0000000000000474       0x94 ./system/src/diag/Trace.o
 .debug_frame   0x0000000000000508       0x5c ./system/src/diag/trace_impl.o
 .debug_frame   0x0000000000000564       0x40 ./system/src/cortexm/_initialize_hardware.o
 .debug_frame   0x00000000000005a4      0x164 ./system/src/cortexm/exception_handlers.o
 .debug_frame   0x0000000000000708       0x30 ./system/src/cmsis/system_stm32f1xx.o
 .debug_frame   0x0000000000000738       0x20 ./system/src/cmsis/vectors_stm32f1xx.o
 .debug_frame   0x0000000000000758       0x58 ./src/Timer.o
 .debug_frame   0x00000000000007b0       0x2c ./src/main.o
 .debug_frame   0x00000000000007dc       0x30 /Users/asakasinsky/Embed Tools/gcc-arm-none-eabi-5_2-2015q4/bin/../lib/gcc/arm-none-eabi/5.2.1/../../../../arm-none-eabi/lib/armv7-m/libg_nano.a(lib_a-atoi.o)
 .debug_frame   0x000000000000080c       0x20 /Users/asakasinsky/Embed Tools/gcc-arm-none-eabi-5_2-2015q4/bin/../lib/gcc/arm-none-eabi/5.2.1/../../../../arm-none-eabi/lib/armv7-m/libg_nano.a(lib_a-errno.o)
 .debug_frame   0x000000000000082c      0x11c /Users/asakasinsky/Embed Tools/gcc-arm-none-eabi-5_2-2015q4/bin/../lib/gcc/arm-none-eabi/5.2.1/../../../../arm-none-eabi/lib/armv7-m/libg_nano.a(lib_a-findfp.o)
 .debug_frame   0x0000000000000948       0x54 /Users/asakasinsky/Embed Tools/gcc-arm-none-eabi-5_2-2015q4/bin/../lib/gcc/arm-none-eabi/5.2.1/../../../../arm-none-eabi/lib/armv7-m/libg_nano.a(lib_a-fwalk.o)
 .debug_frame   0x000000000000099c       0x4c /Users/asakasinsky/Embed Tools/gcc-arm-none-eabi-5_2-2015q4/bin/../lib/gcc/arm-none-eabi/5.2.1/../../../../arm-none-eabi/lib/armv7-m/libg_nano.a(lib_a-fwrite.o)
 .debug_frame   0x00000000000009e8       0x28 /Users/asakasinsky/Embed Tools/gcc-arm-none-eabi-5_2-2015q4/bin/../lib/gcc/arm-none-eabi/5.2.1/../../../../arm-none-eabi/lib/armv7-m/libg_nano.a(lib_a-memcpy-stub.o)
 .debug_frame   0x0000000000000a10       0x20 /Users/asakasinsky/Embed Tools/gcc-arm-none-eabi-5_2-2015q4/bin/../lib/gcc/arm-none-eabi/5.2.1/../../../../arm-none-eabi/lib/armv7-m/libg_nano.a(lib_a-memset.o)
 .debug_frame   0x0000000000000a30       0x2c /Users/asakasinsky/Embed Tools/gcc-arm-none-eabi-5_2-2015q4/bin/../lib/gcc/arm-none-eabi/5.2.1/../../../../arm-none-eabi/lib/armv7-m/libg_nano.a(lib_a-nano-mallocr.o)
 .debug_frame   0x0000000000000a5c       0x3c /Users/asakasinsky/Embed Tools/gcc-arm-none-eabi-5_2-2015q4/bin/../lib/gcc/arm-none-eabi/5.2.1/../../../../arm-none-eabi/lib/armv7-m/libg_nano.a(lib_a-puts.o)
 .debug_frame   0x0000000000000a98       0x2c /Users/asakasinsky/Embed Tools/gcc-arm-none-eabi-5_2-2015q4/bin/../lib/gcc/arm-none-eabi/5.2.1/../../../../arm-none-eabi/lib/armv7-m/libg_nano.a(lib_a-sbrkr.o)
 .debug_frame   0x0000000000000ac4       0x88 /Users/asakasinsky/Embed Tools/gcc-arm-none-eabi-5_2-2015q4/bin/../lib/gcc/arm-none-eabi/5.2.1/../../../../arm-none-eabi/lib/armv7-m/libg_nano.a(lib_a-stdio.o)
 .debug_frame   0x0000000000000b4c       0x20 /Users/asakasinsky/Embed Tools/gcc-arm-none-eabi-5_2-2015q4/bin/../lib/gcc/arm-none-eabi/5.2.1/../../../../arm-none-eabi/lib/armv7-m/libg_nano.a(lib_a-strcmp.o)
 .debug_frame   0x0000000000000b6c       0x44 /Users/asakasinsky/Embed Tools/gcc-arm-none-eabi-5_2-2015q4/bin/../lib/gcc/arm-none-eabi/5.2.1/../../../../arm-none-eabi/lib/armv7-m/libg_nano.a(lib_a-strtol.o)
 .debug_frame   0x0000000000000bb0       0x48 /Users/asakasinsky/Embed Tools/gcc-arm-none-eabi-5_2-2015q4/bin/../lib/gcc/arm-none-eabi/5.2.1/../../../../arm-none-eabi/lib/armv7-m/libg_nano.a(lib_a-vsnprintf.o)
 .debug_frame   0x0000000000000bf8       0x40 /Users/asakasinsky/Embed Tools/gcc-arm-none-eabi-5_2-2015q4/bin/../lib/gcc/arm-none-eabi/5.2.1/../../../../arm-none-eabi/lib/armv7-m/libg_nano.a(lib_a-wbuf.o)
 .debug_frame   0x0000000000000c38       0x2c /Users/asakasinsky/Embed Tools/gcc-arm-none-eabi-5_2-2015q4/bin/../lib/gcc/arm-none-eabi/5.2.1/../../../../arm-none-eabi/lib/armv7-m/libg_nano.a(lib_a-writer.o)
 .debug_frame   0x0000000000000c64       0x2c /Users/asakasinsky/Embed Tools/gcc-arm-none-eabi-5_2-2015q4/bin/../lib/gcc/arm-none-eabi/5.2.1/../../../../arm-none-eabi/lib/armv7-m/libg_nano.a(lib_a-wsetup.o)
 .debug_frame   0x0000000000000c90       0x2c /Users/asakasinsky/Embed Tools/gcc-arm-none-eabi-5_2-2015q4/bin/../lib/gcc/arm-none-eabi/5.2.1/../../../../arm-none-eabi/lib/armv7-m/libg_nano.a(lib_a-closer.o)
 .debug_frame   0x0000000000000cbc       0x68 /Users/asakasinsky/Embed Tools/gcc-arm-none-eabi-5_2-2015q4/bin/../lib/gcc/arm-none-eabi/5.2.1/../../../../arm-none-eabi/lib/armv7-m/libg_nano.a(lib_a-fflush.o)
 .debug_frame   0x0000000000000d24       0x2c /Users/asakasinsky/Embed Tools/gcc-arm-none-eabi-5_2-2015q4/bin/../lib/gcc/arm-none-eabi/5.2.1/../../../../arm-none-eabi/lib/armv7-m/libg_nano.a(lib_a-lseekr.o)
 .debug_frame   0x0000000000000d50       0x34 /Users/asakasinsky/Embed Tools/gcc-arm-none-eabi-5_2-2015q4/bin/../lib/gcc/arm-none-eabi/5.2.1/../../../../arm-none-eabi/lib/armv7-m/libg_nano.a(lib_a-makebuf.o)
 .debug_frame   0x0000000000000d84       0x2c /Users/asakasinsky/Embed Tools/gcc-arm-none-eabi-5_2-2015q4/bin/../lib/gcc/arm-none-eabi/5.2.1/../../../../arm-none-eabi/lib/armv7-m/libg_nano.a(lib_a-nano-freer.o)
 .debug_frame   0x0000000000000db0       0x90 /Users/asakasinsky/Embed Tools/gcc-arm-none-eabi-5_2-2015q4/bin/../lib/gcc/arm-none-eabi/5.2.1/../../../../arm-none-eabi/lib/armv7-m/libg_nano.a(lib_a-nano-svfprintf.o)
 .debug_frame   0x0000000000000e40       0x60 /Users/asakasinsky/Embed Tools/gcc-arm-none-eabi-5_2-2015q4/bin/../lib/gcc/arm-none-eabi/5.2.1/../../../../arm-none-eabi/lib/armv7-m/libg_nano.a(lib_a-nano-vfprintf_i.o)
 .debug_frame   0x0000000000000ea0       0x2c /Users/asakasinsky/Embed Tools/gcc-arm-none-eabi-5_2-2015q4/bin/../lib/gcc/arm-none-eabi/5.2.1/../../../../arm-none-eabi/lib/armv7-m/libg_nano.a(lib_a-readr.o)
 .debug_frame   0x0000000000000ecc       0x2c /Users/asakasinsky/Embed Tools/gcc-arm-none-eabi-5_2-2015q4/bin/../lib/gcc/arm-none-eabi/5.2.1/../../../../arm-none-eabi/lib/armv7-m/libg_nano.a(lib_a-fstatr.o)
 .debug_frame   0x0000000000000ef8       0x2c /Users/asakasinsky/Embed Tools/gcc-arm-none-eabi-5_2-2015q4/bin/../lib/gcc/arm-none-eabi/5.2.1/../../../../arm-none-eabi/lib/armv7-m/libg_nano.a(lib_a-isattyr.o)
 .debug_frame   0x0000000000000f24       0x28 /Users/asakasinsky/Embed Tools/gcc-arm-none-eabi-5_2-2015q4/bin/../lib/gcc/arm-none-eabi/5.2.1/../../../../arm-none-eabi/lib/armv7-m/libg_nano.a(lib_a-memchr-stub.o)
 .debug_frame   0x0000000000000f4c       0x28 /Users/asakasinsky/Embed Tools/gcc-arm-none-eabi-5_2-2015q4/bin/../lib/gcc/arm-none-eabi/5.2.1/../../../../arm-none-eabi/lib/armv7-m/libg_nano.a(lib_a-memmove.o)
 .debug_frame   0x0000000000000f74       0x3c /Users/asakasinsky/Embed Tools/gcc-arm-none-eabi-5_2-2015q4/bin/../lib/gcc/arm-none-eabi/5.2.1/../../../../arm-none-eabi/lib/armv7-m/libg_nano.a(lib_a-nano-reallocr.o)
 .debug_frame   0x0000000000000fb0       0x20 /Users/asakasinsky/Embed Tools/gcc-arm-none-eabi-5_2-2015q4/bin/../lib/gcc/arm-none-eabi/5.2.1/../../../../arm-none-eabi/lib/armv7-m/libg_nano.a(lib_a-nano-msizer.o)

.debug_str      0x0000000000000000     0xeb50
 *(.debug_str)
 .debug_str     0x0000000000000000     0x5c34 ./system/src/newlib/_sbrk.o
                                       0x5d9e (size before relaxing)
 .debug_str     0x0000000000005c34      0xbdc ./system/src/newlib/_startup.o
                                       0x5902 (size before relaxing)
 .debug_str     0x0000000000006810     0x3601 ./system/src/newlib/_syscalls.o
                                       0x9e2d (size before relaxing)
 .debug_str     0x0000000000009e11      0x18f ./system/src/diag/Trace.o
                                       0x729d (size before relaxing)
 .debug_str     0x0000000000009fa0     0x4522 ./system/src/diag/trace_impl.o
                                       0xae4c (size before relaxing)
 .debug_str     0x000000000000e4c2       0xc6 ./system/src/cortexm/_initialize_hardware.o
                                       0x7742 (size before relaxing)
 .debug_str     0x000000000000e588      0x204 ./system/src/cortexm/exception_handlers.o
                                       0xbcb2 (size before relaxing)
 .debug_str     0x000000000000e78c       0x91 ./system/src/cmsis/system_stm32f1xx.o
                                       0x76e9 (size before relaxing)
 .debug_str     0x000000000000e81d       0x57 ./system/src/cmsis/vectors_stm32f1xx.o
                                       0x31f7 (size before relaxing)
 .debug_str     0x000000000000e874      0x1b9 ./src/Timer.o
                                       0x78d6 (size before relaxing)
 .debug_str     0x000000000000ea2d      0x123 ./src/main.o
                                       0xc4fa (size before relaxing)

.debug_loc      0x0000000000000000     0x1982
 *(.debug_loc)
 .debug_loc     0x0000000000000000       0x82 ./system/src/newlib/_sbrk.o
 .debug_loc     0x0000000000000082      0x265 ./system/src/newlib/_startup.o
 .debug_loc     0x00000000000002e7      0xf15 ./system/src/newlib/_syscalls.o
 .debug_loc     0x00000000000011fc      0x102 ./system/src/diag/Trace.o
 .debug_loc     0x00000000000012fe      0x125 ./system/src/diag/trace_impl.o
 .debug_loc     0x0000000000001423      0x43a ./system/src/cortexm/exception_handlers.o
 .debug_loc     0x000000000000185d       0x59 ./src/Timer.o
 .debug_loc     0x00000000000018b6       0xcc ./src/main.o

.debug_macinfo
 *(.debug_macinfo)

.debug_weaknames
 *(.debug_weaknames)

.debug_funcnames
 *(.debug_funcnames)

.debug_typenames
 *(.debug_typenames)

.debug_varnames
 *(.debug_varnames)
OUTPUT(STM32F103C8T6.elf elf32-littlearm)

.debug_ranges   0x0000000000000000      0x310
 .debug_ranges  0x0000000000000000       0x10 ./system/src/newlib/_sbrk.o
 .debug_ranges  0x0000000000000010       0x48 ./system/src/newlib/_startup.o
 .debug_ranges  0x0000000000000058      0x148 ./system/src/newlib/_syscalls.o
 .debug_ranges  0x00000000000001a0       0x28 ./system/src/diag/Trace.o
 .debug_ranges  0x00000000000001c8       0x20 ./system/src/diag/trace_impl.o
 .debug_ranges  0x00000000000001e8       0x18 ./system/src/cortexm/_initialize_hardware.o
 .debug_ranges  0x0000000000000200       0x98 ./system/src/cortexm/exception_handlers.o
 .debug_ranges  0x0000000000000298       0x18 ./system/src/cmsis/system_stm32f1xx.o
 .debug_ranges  0x00000000000002b0       0x10 ./system/src/cmsis/vectors_stm32f1xx.o
 .debug_ranges  0x00000000000002c0       0x28 ./src/Timer.o
 .debug_ranges  0x00000000000002e8       0x28 ./src/main.o

.debug_macro    0x0000000000000000     0x311d
 .debug_macro   0x0000000000000000      0x12e ./system/src/newlib/_sbrk.o
 .debug_macro   0x000000000000012e      0x174 ./system/src/newlib/_sbrk.o
 .debug_macro   0x00000000000002a2       0x10 ./system/src/newlib/_sbrk.o
 .debug_macro   0x00000000000002b2      0x23b ./system/src/newlib/_sbrk.o
 .debug_macro   0x00000000000004ed      0x14d ./system/src/newlib/_startup.o
 .debug_macro   0x000000000000063a       0x44 ./system/src/newlib/_startup.o
 .debug_macro   0x000000000000067e       0xfd ./system/src/newlib/_startup.o
 .debug_macro   0x000000000000077b      0x1df ./system/src/newlib/_startup.o
 .debug_macro   0x000000000000095a      0x289 ./system/src/newlib/_syscalls.o
 .debug_macro   0x0000000000000be3       0x10 ./system/src/newlib/_syscalls.o
 .debug_macro   0x0000000000000bf3       0x10 ./system/src/newlib/_syscalls.o
 .debug_macro   0x0000000000000c03       0x10 ./system/src/newlib/_syscalls.o
 .debug_macro   0x0000000000000c13       0x35 ./system/src/newlib/_syscalls.o
 .debug_macro   0x0000000000000c48      0x122 ./system/src/newlib/_syscalls.o
 .debug_macro   0x0000000000000d6a      0x1cd ./system/src/newlib/_syscalls.o
 .debug_macro   0x0000000000000f37       0x10 ./system/src/newlib/_syscalls.o
 .debug_macro   0x0000000000000f47       0x1c ./system/src/newlib/_syscalls.o
 .debug_macro   0x0000000000000f63       0x10 ./system/src/newlib/_syscalls.o
 .debug_macro   0x0000000000000f73       0x16 ./system/src/newlib/_syscalls.o
 .debug_macro   0x0000000000000f89      0x197 ./system/src/newlib/_syscalls.o
 .debug_macro   0x0000000000001120       0x16 ./system/src/newlib/_syscalls.o
 .debug_macro   0x0000000000001136       0x88 ./system/src/newlib/_syscalls.o
 .debug_macro   0x00000000000011be      0x241 ./system/src/newlib/_syscalls.o
 .debug_macro   0x00000000000013ff       0x16 ./system/src/newlib/_syscalls.o
 .debug_macro   0x0000000000001415       0x3a ./system/src/newlib/_syscalls.o
 .debug_macro   0x000000000000144f       0xac ./system/src/newlib/_syscalls.o
 .debug_macro   0x00000000000014fb      0x159 ./system/src/newlib/_syscalls.o
 .debug_macro   0x0000000000001654       0x16 ./system/src/newlib/_syscalls.o
 .debug_macro   0x000000000000166a       0x22 ./system/src/newlib/_syscalls.o
 .debug_macro   0x000000000000168c      0x19f ./system/src/diag/Trace.o
 .debug_macro   0x000000000000182b       0x16 ./system/src/diag/Trace.o
 .debug_macro   0x0000000000001841       0x97 ./system/src/diag/Trace.o
 .debug_macro   0x00000000000018d8       0xfd ./system/src/diag/Trace.o
 .debug_macro   0x00000000000019d5       0x52 ./system/src/diag/Trace.o
 .debug_macro   0x0000000000001a27      0x1bd ./system/src/diag/trace_impl.o
 .debug_macro   0x0000000000001be4       0x2b ./system/src/diag/trace_impl.o
 .debug_macro   0x0000000000001c0f       0x35 ./system/src/diag/trace_impl.o
 .debug_macro   0x0000000000001c44       0x34 ./system/src/diag/trace_impl.o
 .debug_macro   0x0000000000001c78      0xb80 ./system/src/diag/trace_impl.o
 .debug_macro   0x00000000000027f8       0x43 ./system/src/diag/trace_impl.o
 .debug_macro   0x000000000000283b       0x10 ./system/src/diag/trace_impl.o
 .debug_macro   0x000000000000284b       0xcf ./system/src/diag/trace_impl.o
 .debug_macro   0x000000000000291a       0x19 ./system/src/diag/trace_impl.o
 .debug_macro   0x0000000000002933       0xbe ./system/src/diag/trace_impl.o
 .debug_macro   0x00000000000029f1       0xab ./system/src/cortexm/_initialize_hardware.o
 .debug_macro   0x0000000000002a9c      0x20f ./system/src/cortexm/exception_handlers.o
 .debug_macro   0x0000000000002cab       0x3b ./system/src/cortexm/exception_handlers.o
 .debug_macro   0x0000000000002ce6       0x10 ./system/src/cortexm/exception_handlers.o
 .debug_macro   0x0000000000002cf6       0xb3 ./system/src/cmsis/system_stm32f1xx.o
 .debug_macro   0x0000000000002da9       0x64 ./system/src/cmsis/vectors_stm32f1xx.o
 .debug_macro   0x0000000000002e0d       0xc4 ./src/Timer.o
 .debug_macro   0x0000000000002ed1       0x10 ./src/Timer.o
 .debug_macro   0x0000000000002ee1      0x23c ./src/main.o
